---
source: crates/ruff_linter/src/rules/pycodestyle/mod.rs
---
E501.py:5:89: E501 [*] Line too long (123 > 88)
  |
3 |     https://github.com/PyCQA/pycodestyle/pull/258/files#diff-841c622497a8033d10152bfdfb15b20b92437ecdea21a260944ea86b77b51533
4 |
5 | Lorem ipsum dolor sit amet, consectetur adipiscing elit, sed do eiusmod tempor incididunt ut labore et dolore magna aliqua.
  |                                                                                         ^^^^^^^^^^^^^^^^^^^^^^^^^^^^^^^^^^^ E501
6 | """
  |
  = help: Break statement over multiple lines, or add # noqa flag

ℹ Unsafe fix
2 2 | 
3 3 |     https://github.com/PyCQA/pycodestyle/pull/258/files#diff-841c622497a8033d10152bfdfb15b20b92437ecdea21a260944ea86b77b51533
4 4 | 
5   |-Lorem ipsum dolor sit amet, consectetur adipiscing elit, sed do eiusmod tempor incididunt ut labore et dolore magna aliqua.
  5 |+Lorem ipsum dolor sit amet, consectetur adipiscing elit, sed do eiusmod tempor
  6 |+incididunt ut labore et dolore magna aliqua.
6 7 | """
7 8 | 
8 9 | _ = """Lorem ipsum dolor sit amet, consectetur adipiscing elit, sed do eiusmod tempor incididunt ut labore et dolore magna aliqua.

E501.py:16:85: E501 Line too long (95 > 88)
   |
15 | _ = "---------------------------------------------------------------------------AAAAAAA"
16 | _ = "---------------------------------------------------------------------------亜亜亜亜亜亜亜"
   |                                                                                         ^^^^^^^ E501
   |
   = help: Break statement over multiple lines, or add # noqa flag

E501.py:25:89: E501 [*] Line too long (127 > 88)
   |
23 | caller(
24 |     """
25 |     Lorem ipsum dolor sit amet, consectetur adipiscing elit, sed do eiusmod tempor incididunt ut labore et dolore magna aliqua.
   |                                                                                         ^^^^^^^^^^^^^^^^^^^^^^^^^^^^^^^^^^^^^^^ E501
26 |     """,
27 | )
   |
   = help: Break statement over multiple lines, or add # noqa flag

ℹ Unsafe fix
22 22 | 
23 23 | caller(
24 24 |     """
25    |-    Lorem ipsum dolor sit amet, consectetur adipiscing elit, sed do eiusmod tempor incididunt ut labore et dolore magna aliqua.
   25 |+    Lorem ipsum dolor sit amet, consectetur adipiscing elit, sed do eiusmod tempor
   26 |+    incididunt ut labore et dolore magna aliqua.
26 27 |     """,
27 28 | )
28 29 | 

E501.py:40:89: E501 Line too long (132 > 88)
   |
38 |     "Lorem ipsum dolor": "sit amet",
39 |     # E501 Line too long
40 |     "Lorem ipsum dolor": "sit amet consectetur adipiscing elit, sed do eiusmod tempor incididunt ut labore et dolore magna aliqua.",
   |                                                                                         ^^^^^^^^^^^^^^^^^^^^^^^^^^^^^^^^^^^^^^^^^^^^ E501
41 |     # E501 Line too long
42 |     "Lorem ipsum dolor": """
   |
   = help: Break statement over multiple lines, or add # noqa flag

E501.py:43:89: E501 [*] Line too long (105 > 88)
   |
41 |     # E501 Line too long
42 |     "Lorem ipsum dolor": """
43 | sit amet  consectetur adipiscing elit, sed do eiusmod tempor incididunt ut labore et dolore magna aliqua.
   |                                                                                         ^^^^^^^^^^^^^^^^^ E501
44 | """,
45 |     # OK
   |
   = help: Break statement over multiple lines, or add # noqa flag

ℹ Unsafe fix
40 40 |     "Lorem ipsum dolor": "sit amet consectetur adipiscing elit, sed do eiusmod tempor incididunt ut labore et dolore magna aliqua.",
41 41 |     # E501 Line too long
42 42 |     "Lorem ipsum dolor": """
43    |-sit amet  consectetur adipiscing elit, sed do eiusmod tempor incididunt ut labore et dolore magna aliqua.
   43 |+sit amet  consectetur adipiscing elit, sed do eiusmod tempor incididunt ut labore et
   44 |+dolore magna aliqua.
44 45 | """,
45 46 |     # OK
46 47 |     "Lorem ipsum dolor": "sit amet consectetur adipiscing elit, sed do eiusmod tempor incididunt ut labore et dolore magna aliqua.",  # noqa: E501

E501.py:83:89: E501 Line too long (147 > 88)
   |
81 | …
82 | …
83 | … URL and, therefore, could easily be broken across multiple lines ([source](https://ruff.rs))
   |                                    ^^^^^^^^^^^^^^^^^^^^^^^^^^^^^^^^^^^^^^^^^^^^^^^^^^^^^^^^^^^ E501
84 | …
   |
   = help: Break statement over multiple lines, or add # noqa flag
